// Jest Snapshot v1, https://goo.gl/fbAQLP

exports[`<HexGame /> Should render and match the snapshot 1`] = `<div />`;
