// Jest Snapshot v1, https://goo.gl/fbAQLP

exports[`<MenuView /> Should render and match the snapshot 1`] = `
<nav
  class="navbar navbar-expand-md navbar-dark bg-dark sticky-top"
>
  <div
    class="container"
  >
    <span
      class="navbar-brand"
    >
      <a
        href="https://www.iantsmall.com/"
      >
        <span>
          Ian T Small
        </span>
      </a>
    </span>
    <div
      class="justify-content-start nav-item"
    >
      <a
        class="nav-link"
        href="/"
      >
        <span>
          A 
          <strong>
            Hex in Every Framework
          </strong>
           Project
        </span>
      </a>
    </div>
    <button
      aria-label="Toggle navigation"
      class="navbar-toggler"
      type="button"
    >
      <span
        class="navbar-toggler-icon"
      />
    </button>
    <div
      class="justify-content-start navbar-collapse collapse"
    />
    <div
      class="justify-content-end navbar-collapse collapse"
    >
      <div
        class="navbar-nav"
      >
        <div
          class="nav-item"
        >
          <a
            class="nav-link"
            data-rb-event-key="/"
            href="/"
          >
            <span>
              Hex In React-Redux
            </span>
          </a>
        </div>
        <div
          class="nav-item"
        >
          <a
            class="nav-link"
            data-rb-event-key="/#rules"
            href="/#rules"
          >
            <span>
              Rules
            </span>
          </a>
        </div>
        <div
          class="nav-item"
        >
          <a
            class="nav-link"
            data-rb-event-key="/#comingSoon"
            href="/#comingSoon"
          >
            <span>
              Roadmap
            </span>
          </a>
        </div>
      </div>
    </div>
  </div>
</nav>
`;
