// Jest Snapshot v1, https://goo.gl/fbAQLP

exports[`<Hex /> Should render and match the snapshot 1`] = `
<polygon
  points="221.83647796503186,129.5 1.0000000000000155,257 -219.8364779650318,129.50000000000009 -219.8364779650319,-125.49999999999993 0.9999999999999531,-253 221.83647796503178,-125.50000000000011"
  size="255"
  type="pointy-topped"
  x="1"
  y="2"
/>
`;
